{"type":"stat","totalDays":9,"customers":[{"name":"Фролова Анастасия","totalExpenses":233},{"name":"Иванов Антон","totalExpenses":208},{"name":"Иванов Николай","totalExpenses":132},{"name":"Кузнецова Дарья","totalExpenses":130},{"name":"Петров Валентин","totalExpenses":115},{"name":"Смирнова Полина","totalExpenses":25}]}