{"type":"search","results":[{"criteria":{"lastName":"Петров"},"results":[{"lastName":"Петров","firstName":"Валентин"}]},{"criteria":{"productName":"Хлеб","minTimes":3},"results":[{"lastName":"Иванов","firstName":"Антон"}]},{"criteria":{"productName":"Сыр","minTimes":2},"results":[{"lastName":"Иванов","firstName":"Николай"},{"lastName":"Фролова","firstName":"Анастасия"}]},{"criteria":{"lastName":"Иванов"},"results":[{"lastName":"Иванов","firstName":"Антон"},{"lastName":"Иванов","firstName":"Николай"}]},{"criteria":{"minExpenses":101,"maxExpenses":200},"results":[{"lastName":"Иванов","firstName":"Николай"},{"lastName":"Кузнецова","firstName":"Дарья"},{"lastName":"Петров","firstName":"Валентин"}]},{"criteria":{"badCustomers":3},"results":[{"lastName":"Смирнова","firstName":"Полина"},{"lastName":"Иванов","firstName":"Николай"},{"lastName":"Фролова","firstName":"Анастасия"}]}]}