{"type":"stat","totalDays":9,"customers":[{"name":"Фролова Анастасия","purchases":[{"name":"Сыр","expenses":132},{"name":"Колбаса","expenses":101}],"totalExpenses":233},{"name":"Иванов Антон","purchases":[{"name":"Колбаса","expenses":101},{"name":"Сметана","expenses":57},{"name":"Хлеб","expenses":50}],"totalExpenses":208},{"name":"Иванов Николай","purchases":[{"name":"Сыр","expenses":132}],"totalExpenses":132},{"name":"Кузнецова Дарья","purchases":[{"name":"Молоко","expenses":80},{"name":"Хлеб","expenses":50}],"totalExpenses":130},{"name":"Петров Валентин","purchases":[{"name":"Сыр","expenses":66},{"name":"Хлеб","expenses":25},{"name":"Минеральная вода","expenses":24}],"totalExpenses":115},{"name":"Смирнова Полина","purchases":[{"name":"Хлеб","expenses":25}],"totalExpenses":25}],"totalExpenses":843,"avgExpenses":140.5}